// Jest Snapshot v1, https://goo.gl/fbAQLP

exports[`CountryCard Component matches snapshot 1`] = `
<DocumentFragment>
  <a
    href="/united%20states"
  >
    <div
      class="MuiPaper-root MuiPaper-elevation MuiPaper-rounded MuiPaper-elevation1 MuiCard-root css-1rzkyto-MuiPaper-root-MuiCard-root"
      data-testid="country-card"
      style="--Paper-shadow: 0px 2px 1px -1px rgba(0,0,0,0.2),0px 1px 1px 0px rgba(0,0,0,0.14),0px 1px 3px 0px rgba(0,0,0,0.12);"
    >
      <div
        style="text-align: center;"
      >
        <img
          alt="Flag of United States"
          data-nimg="1"
          decoding="async"
          height="100"
          loading="lazy"
          src="https://example.com/flag.svg"
          style="color: transparent; object-fit: cover; background-size: cover; background-position: 50% 50%; background-repeat: no-repeat;"
          width="150"
        />
        <div
          class="MuiCardContent-root css-46bh2p-MuiCardContent-root"
        >
          <div
            class="MuiTypography-root MuiTypography-h5 MuiTypography-gutterBottom css-13y79c5-MuiTypography-root"
          >
            United States
          </div>
          <p
            class="MuiTypography-root MuiTypography-body2 css-atovpb-MuiTypography-root"
          >
            Capital: Washington, D.C.
          </p>
          <p
            class="MuiTypography-root MuiTypography-body2 css-atovpb-MuiTypography-root"
          >
            Population: 33,10,00,000
          </p>
          <p
            class="MuiTypography-root MuiTypography-body2 css-atovpb-MuiTypography-root"
          >
            Region: Americas
          </p>
        </div>
      </div>
    </div>
  </a>
</DocumentFragment>
`;
